{"status":true,"message":"App endpoints fetched successfully","data":[{"uid":"abc","target_url":"http://amazon.com","description":"desc","status":"","secret":"","http_timeout":"","rate_limit":0,"rate_limit_duration":"","events":null},{"uid":"abc","target_url":"http://google.com","description":"desc","status":"","secret":"","http_timeout":"","rate_limit":0,"rate_limit_duration":"","events":null}]}
