{"status":true,"message":"Dashboard summary fetched successfully","data":{"events_sent":2,"apps":1,"period":"yearly","event_data":[{"data":{"index":0,"date":"2011"},"count":0},{"data":{"index":0,"date":"2012"},"count":0},{"data":{"index":0,"date":"2013"},"count":0},{"data":{"index":0,"date":"2014"},"count":0},{"data":{"index":0,"date":"2015"},"count":0},{"data":{"index":0,"date":"2016"},"count":0},{"data":{"index":0,"date":"2017"},"count":0},{"data":{"index":0,"date":"2018"},"count":0},{"data":{"index":0,"date":"2019"},"count":0},{"data":{"index":0,"date":"2020"},"count":0},{"data":{"index":2021,"date":"2021"},"count":2}]}}
